// Vitest Snapshot v1, https://vitest.dev/guide/snapshot.html

exports[`should render without crashing 1`] = `
<body>
  <div>
    <dialog>
      <article>
        <header
          class="svelte-11ga12t"
        >
          <a
            aria-label="Close"
            class="close"
            href="#close"
          />
           
          Help
        </header>
         
        <p
          class="svelte-11ga12t"
        >
          This tool helps you to find the correct combination for the vault in
      Payday 3.
        </p>
         
        <p
          class="svelte-11ga12t"
        >
          Enter the 2, 3 or 4 digits from the fingerprints on the vault keypad then
      click the
      
          <span
            class="green"
          >
            ✔
          </span>
          
      button to calculate the possible combinations.
        </p>
         
        <p
          class="svelte-11ga12t"
        >
          To remove the entered digits click the
      
          <span
            class="red"
          >
            ✘
          </span>
          
      button.
        </p>
         
        <p
          class="svelte-11ga12t"
        >
          Click on the 
          <svg
            height="20px"
            viewBox="0 0 24 24"
            width="20px"
            xmlns="http://www.w3.org/2000/svg"
          >
            <path
              d="M6.993 12c0 2.761 2.246 5.007 5.007 5.007s5.007-2.246 5.007-5.007S14.761 6.993 12 6.993 6.993 9.239 6.993 12zM12 8.993c1.658 0 3.007 1.349 3.007 3.007S13.658 15.007 12 15.007 8.993 13.658 8.993 12 10.342 8.993 12 8.993zM10.998 19h2v3h-2zm0-17h2v3h-2zm-9 9h3v2h-3zm17 0h3v2h-3zM4.219 18.363l2.12-2.122 1.415 1.414-2.12 2.122zM16.24 6.344l2.122-2.122 1.414 1.414-2.122 2.122zM6.342 7.759 4.22 5.637l1.415-1.414 2.12 2.122zm13.434 10.605-1.414 1.414-2.122-2.122 1.414-1.414z"
            />
          </svg>
           or
      
          <svg
            height="20px"
            viewBox="0 0 24 24"
            width="20px"
            xmlns="http://www.w3.org/2000/svg"
          >
            <path
              d="M20.742 13.045a8.088 8.088 0 0 1-2.077.271c-2.135 0-4.14-.83-5.646-2.336a8.025 8.025 0 0 1-2.064-7.723A1 1 0 0 0 9.73 2.034a10.014 10.014 0 0 0-4.489 2.582c-3.898 3.898-3.898 10.243 0 14.143a9.937 9.937 0 0 0 7.072 2.93 9.93 9.93 0 0 0 7.07-2.929 10.007 10.007 0 0 0 2.583-4.491 1.001 1.001 0 0 0-1.224-1.224zm-2.772 4.301a7.947 7.947 0 0 1-5.656 2.343 7.953 7.953 0 0 1-5.658-2.344c-3.118-3.119-3.118-8.195 0-11.314a7.923 7.923 0 0 1 2.06-1.483 10.027 10.027 0 0 0 2.89 7.848 9.972 9.972 0 0 0 7.848 2.891 8.036 8.036 0 0 1-1.484 2.059z"
            />
          </svg>
           icon to toggle between light and dark mode.
        </p>
         
        <h3
          class="svelte-11ga12t"
        >
          Keybinds
        </h3>
         
        <ol
          class="svelte-11ga12t"
        >
          <li>
            Enter/Return - Calculate combinations
          </li>
           
          <li>
            Backspace/Delete - Remove last entered digit
          </li>
           
          <li>
            Escape - Clear entered digits
          </li>
        </ol>
         
        <h3
          class="svelte-11ga12t"
        >
          Issues
        </h3>
         
        <p
          class="svelte-11ga12t"
        >
          Please post any issues on
      
          <a
            href="https://github.com/SavageCore/pd3-vault-cracker/issues"
            target="_blank"
          >
            GitHub
          </a>
          
      or DM
      
          <a
            href="https://www.reddit.com/message/compose/?to=SavageCore"
            target="_blank"
          >
            /u/SavageCore
          </a>
        </p>
      </article>
    </dialog>
  </div>
</body>
`;
